PS D:\Work> git clone https://github.com/RichardMiruka/alx-higher_level_programming.git
Cloning into 'alx-higher_level_programming'...
remote: Enumerating objects: 2923, done.
remote: Counting objects: 100% (215/215), done.
remote: Compressing objects: 100% (100/100), done.
remote: Total 2923 (delta 110), reused 209 (delta 107), pack-reused 2708
Receiving objects: 100% (2923/2923), 3.55 MiB | 410.00 KiB/s, done.
Resolving deltas: 100% (1265/1265), done.
PS D:\Work> git clone https://github.com/VictorMaina03/alx-higher_level_programming
fatal: destination path 'alx-higher_level_programming' already exists and is not an empty directory.
PS D:\Work> git clone https://github.com/VictorMaina03/alx-higher_level_programming
fatal: destination path 'alx-higher_level_programming' already exists and is not an empty directory.
PS D:\Work> git clone https://github.com/VictorMaina03/alx-low_level_programming
Cloning into 'alx-low_level_programming'...
remote: Enumerating objects: 1642, done.
remote: Counting objects: 100% (528/528), done.
remote: Compressing objects: 100% (288/288), done.
remote: Total 1642 (delta 257), reused 446 (delta 196), pack-reused 1114
Receiving objects: 100% (1642/1642), 2.35 MiB | 353.00 KiB/s, done.
Resolving deltas: 100% (814/814), done.
PS D:\Work> cd alx-higher_level_programming
PS D:\Work\alx-higher_level_programming> git remote -v
origin  https://github.com/RichardMiruka/alx-higher_level_programming.git (fetch)
origin  https://github.com/RichardMiruka/alx-higher_level_programming.git (push)
PS D:\Work\alx-higher_level_programming> git checkout -b feature-update
Switched to a new branch 'feature-update'
PS D:\Work\alx-higher_level_programming> ^C
PS D:\Work\alx-higher_level_programming> git add .                     
PS D:\Work\alx-higher_level_programming> git commit -m
error: switch `m' requires a value
PS D:\Work\alx-higher_level_programming> git commit -m change
Author identity unknown

*** Please tell me who you are.

Run

  git config --global user.email "you@example.com"
  git config --global user.name "Your Name"

to set your account's default identity.
Omit --global to set the identity only in this repository.
  
PS D:\Work\alx-higher_level_programming> git config --global user.email "mainavictor023@gmail.com"
PS D:\Work\alx-higher_level_programming> git config --global user.name "VictorMaina03"
PS D:\Work\alx-higher_level_programming> git commit -m change
On branch feature-update
nothing to commit, working tree clean
PS D:\Work\alx-higher_level_programming> git check main 
git: 'check' is not a git command. See 'git --help'.

The most similar command is
        checkout
PS D:\Work\alx-higher_level_programming> git checkout main
Switched to branch 'main'
Your branch is up to date with 'origin/main'.
PS D:\Work\alx-higher_level_programming> git merge feature-update
Already up to date.
PS D:\Work\alx-higher_level_programming> git checkout -b conflict-resolution
Switched to a new branch 'conflict-resolution'
PS D:\Work\alx-higher_level_programming> git merge main
Already up to date.
PS D:\Work\alx-higher_level_programming> git add filename
fatal: pathspec 'filename' did not match any files
PS D:\Work\alx-higher_level_programming> git add .   
PS D:\Work\alx-higher_level_programming> git commit -m "resolve conflict"
[conflict-resolution 76195cd] resolve conflict
 1 file changed, 1 insertion(+), 1 deletion(-)
PS D:\Work\alx-higher_level_programming> git checkout main
error: Your local changes to the following files would be overwritten by checkout:
        0x00-python-hello_world/102-magic_calculation.py
Please commit your changes or stash them before you switch branches.
Aborting
PS D:\Work\alx-higher_level_programming> git merge conflict-resolution
Already up to date.



PS D:\Work> cd alx-low_level_programming
PS D:\Work\alx-low_level_programming> git add .
PS D:\Work\alx-low_level_programming> git commit -m "Added index.html"
[master c778ed5] Added index.html
 1 file changed, 14 insertions(+)
 create mode 100644 index.html
PS D:\Work\alx-low_level_programming> git config --global user.email "mainavictor023@gmail.com"
PS D:\Work\alx-low_level_programming> git config --global user.name "VictorMaina03"
PS D:\Work\alx-low_level_programming> git remote -v
origin  https://github.com/VictorMaina03/alx-low_level_programming (fetch)
origin  https://github.com/VictorMaina03/alx-low_level_programming (push)
PS D:\Work\alx-low_level_programming> git checkout -b conflict-resolution
Switched to a new branch 'conflict-resolution'
PS D:\Work\alx-low_level_programming> git branch
* conflict-resolution
  master
PS D:\Work\alx-low_level_programming> git add .
PS D:\Work\alx-low_level_programming> git commit -m "resolution-conflict"
On branch conflict-resolution
nothing to commit, working tree clean
PS D:\Work\alx-low_level_programming> git checkout master
Switched to branch 'master'
Your branch is ahead of 'origin/master' by 1 commit.
  (use "git push" to publish your local commits)
PS D:\Work\alx-low_level_programming> git push origin master
info: please complete authentication in your browser...
Enumerating objects: 4, done.
Counting objects: 100% (4/4), done.
Delta compression using up to 4 threads
Compressing objects: 100% (3/3), done.
Writing objects: 100% (3/3), 448 bytes | 20.00 KiB/s, done.
Total 3 (delta 1), reused 0 (delta 0), pack-reused 0 (from 0)
remote: Resolving deltas: 100% (1/1), completed with 1 local object.
To https://github.com/VictorMaina03/alx-low_level_programming
   6459e5a..c778ed5  master -> master